::1 GET / 304 - - 4.307 ms
::1 GET / 304 - - 3.037 ms
::1 GET / 200 15 - 2.258 ms
::1 GET / 304 - - 1.141 ms
::1 GET / 304 - - 0.409 ms
::1 GET /products 500 37 - 6.191 ms
::1 GET /products 500 37 - 0.365 ms
::1 GET /products 500 37 - 1.789 ms
::1 GET /products 500 37 - 2.081 ms
::1 GET /products 500 37 - 0.392 ms
::1 GET /products 500 37 - 2.446 ms
::1 GET /products 500 37 - 1.748 ms
::1 GET /products 500 37 - 0.542 ms
::1 GET /products 500 37 - 0.307 ms
::1 GET /.well-known/appspecific/com.chrome.devtools.json 404 48 - 5.986 ms
::1 GET /products 500 37 - 1.370 ms
::1 GET /.well-known/appspecific/com.chrome.devtools.json 404 48 - 0.763 ms
::1 GET /products 500 37 - 10.448 ms
::1 GET /.well-known/appspecific/com.chrome.devtools.json 404 48 - 1.197 ms
::1 GET /products 200 837 - 65.737 ms
::1 GET /.well-known/appspecific/com.chrome.devtools.json 404 48 - 1.782 ms
::1 GET /products 304 - - 43.304 ms
::1 GET /products 500 37 - 2.747 ms
::1 GET /products 500 37 - 0.751 ms
::1 GET /products 200 837 - 67.665 ms
::1 GET /products 500 37 - 5.869 ms
::1 GET /products 500 38 - 4.580 ms
::1 GET /products 500 37 - 3.664 ms
::1 GET /products 500 37 - 3.549 ms
::1 GET /products 500 37 - 0.776 ms
::1 GET /products 500 37 - 4.622 ms
::1 GET /products 200 837 - 880.615 ms
::1 GET /products 304 - - 70.636 ms
::1 GET /products 304 - - 75.730 ms
::1 GET /products 500 37 - 5.619 ms
::1 GET /products 200 837 - 122.772 ms
::1 GET /products 304 - - 73.716 ms
::1 GET /products 304 - - 72.123 ms
::1 GET /products 304 - - 53.705 ms
::1 GET /products 304 - - 68.674 ms
::1 GET /products 304 - - 65.904 ms
::1 GET /products 304 - - 58.238 ms
::1 GET /products 304 - - 59.211 ms
::1 GET /products?name=mesa 200 837 - 46.863 ms
::1 GET /products?name=mesa 304 - - 43.997 ms
::1 GET /products?name=mesa 304 - - 65.391 ms
::1 GET /products?name=ades%201lt 200 837 - 50.953 ms
::1 GET /products?name=%22ades%201lt%22 200 837 - 46.593 ms
::1 GET /products?name=%22ades%201lt%22 200 837 - 872.001 ms
::1 GET /products?name=%22ades%201lt%22 304 - - 66.388 ms
::1 GET /products?name=ades%201lt 200 837 - 64.463 ms
::1 GET /products?name=ades%201lt 304 - - 52.514 ms
::1 GET /products?name=ades%201lt 304 - - 654.687 ms
::1 GET /products?name=ades%201lt 304 - - 774.087 ms
::1 GET /products?name=ades%201lt 304 - - 64.811 ms
::1 GET /products?name=ades%201lt 200 121 - 72.941 ms
::1 GET /products 200 26 - 198.172 ms
::1 GET /products?name=mesa 200 26 - 169.899 ms
::1 GET /products?name= 200 26 - 75.454 ms
::1 GET /products 304 - - 401.938 ms
::1 GET /products 304 - - 67.012 ms
::1 GET /products 304 - - 141.425 ms
::1 GET /products 304 - - 62.529 ms
::1 GET /products 304 - - 65.266 ms
::1 GET /products 304 - - 50.826 ms
::1 GET /products 304 - - 43.518 ms
::1 GET /products 304 - - 46.849 ms
::1 GET /products 304 - - 44.151 ms
::1 GET /products 304 - - 51.576 ms
::1 GET /products 304 - - 53.014 ms
::1 GET /products 304 - - 198.445 ms
::1 GET /products 304 - - 44.863 ms
::1 GET /products 200 837 - 4783.776 ms
::1 GET /products 304 - - 72.323 ms
::1 GET /products 200 26 - 276.901 ms
::1 GET /products 304 - - 434.063 ms
::1 GET /products 304 - - 372.255 ms
::1 GET /products?name=ades%201lt 304 - - 266.465 ms
::1 GET /products?name=ades%201lt 304 - - 131.918 ms
::1 GET /products?name=ades%201lt 304 - - 65.917 ms
::1 GET /products?name=ades%201lt&stock=4 200 121 - 51.146 ms
::1 GET /products?name=ades%201lt&stock=4 304 - - 142.803 ms
::1 GET /products?name=ades%201lt&stock=4 304 - - 55.006 ms
::1 GET /products 200 837 - 67.569 ms
::1 GET /products?name=ades%201lt 304 - - 63.949 ms
::1 GET /products?name=ades%201lt&stock=4 200 26 - 47.130 ms
::1 GET /products?name=ades%201lt&stock=4 304 - - 76.148 ms
::1 GET /products?name=ades%201lt&stock=4 304 - - 59.141 ms
::1 GET /products?name=ades%201lt&stock=4 304 - - 57.153 ms
::1 GET /products?name=ades%201lt&stock=4 304 - - 50.048 ms
::1 GET /products?name=ades%201lt 304 - - 55.321 ms
::1 GET /products?stock=4 200 228 - 46.260 ms
::1 GET /products?stock=4 304 - - 3008.295 ms
::1 GET /products?name=ades%201lt 304 - - 46.636 ms
::1 GET /products?name=Ades%201lt 200 26 - 43.413 ms
