::1 GET /products?name=Ades%201lt 200 121 - 269.412 ms
::1 GET /favicon.ico 404 48 - 1.583 ms
::1 GET / 304 - - 19.419 ms
::1 GET / 304 - - 3.346 ms
::1 GET / 304 - - 2.546 ms
::1 GET / 304 - - 13.451 ms
::1 GET /products?name=ades%201lt 304 - - 438.215 ms
::1 GET /products?name=ades%201lt 304 - - 164.694 ms
::1 GET /products?name=ades%201lt 304 - - 176.414 ms
::1 GET /products?name=ades%201lt&stock=4 304 - - 66.401 ms
::1 GET /products 304 - - 60.528 ms
::1 GET /products?name=ades%201lt&stock=15 200 121 - 201.394 ms
::1 GET /products?name=ades%201lt&stock=15 304 - - 69.040 ms
::1 GET /products?name=ades%201lt&stock=15&category=Jug 200 121 - 44.998 ms
::1 GET /products?name=ades%201lt&stock=15&category=Jug 304 - - 51.098 ms
::1 GET /products?name=ade 200 121 - 41.452 ms
::1 GET /products?name=a 200 737 - 45.768 ms
::1 GET /products?name=ades%201lt 304 - - 42.839 ms
::1 GET /products?name=des 200 121 - 42.017 ms
::1 GET /products 304 - - 48.582 ms
::1 GET /products?name=co 200 331 - 42.263 ms
::1 GET /products?name=ades%201lt 304 - - 58.904 ms
::1 GET /products?name=ades%201lt&minprice=10 200 121 - 41.014 ms
::1 GET /products?name=ades%201lt&minprice=10&cdd 200 121 - 48.168 ms
::1 GET /products?name=ades%201lt&minPrice=10 500 37 - 37.000 ms
::1 GET /products?name=ades%201lt&minPrice=10 200 121 - 273.744 ms
::1 GET /products?name=ades%201lt&minPrice=10&maxPrice=200 200 26 - 125.314 ms
::1 GET /products?minPrice=10&maxPrice=200 200 26 - 73.836 ms
::1 GET /products?minPrice=10&maxPrice=2000 200 429 - 107.767 ms
::1 GET /products?minPrice=10&maxPrice=2000 304 - - 53.723 ms
::1 GET /products?minPrice=10&maxPrice=2000 304 - - 69.916 ms
::1 GET /products?minrice=10&maxrice=2000lll 200 837 - 1593.693 ms
::1 GET /products?minprice=10&maxprice=2000lllkkk 200 837 - 1719.835 ms
::1 GET /products?minPrice=10&maxPrice=2000 304 - - 116.644 ms
::1 GET /products?name=don%20satur 200 124 - 149.491 ms
::1 GET /products?name=don%20satur&category=galle 200 124 - 1137.944 ms
::1 GET /products?name=don%20satur&category=gallew 200 26 - 534.449 ms
::1 GET /products?name=don%20satur&category=galle 304 - - 680.867 ms
::1 GET /products?name=don%20satur&category=galle&stock=9 200 124 - 452.896 ms
::1 GET /products?name=don%20satur&category=galle&stock=9&minprice=1 200 124 - 41.542 ms
::1 GET /products?name=don%20satur&category=galle&stock=9&minprice=1 304 - - 43.239 ms
::1 GET /products?name=don%20satur&category=galle&stock=9&minprice=1&maxprice=1299 200 124 - 48.650 ms
::1 GET /products?name=don%20satur&category=galle&stock=9&minprice=1&maxprice=1300 200 124 - 42.836 ms
::1 GET /products?name=don%20satur&category=galle&stock=9&minPrice=1&maxPrice=1100 200 26 - 47.790 ms
::1 GET /products?name=don%20satur&category=galle&stock=9&minPrice=1&maxPrice=1400 200 124 - 50.010 ms
::1 GET /products?name=don%20satur&category=galle&stock=9&minPrice=1 200 124 - 51.171 ms
::1 GET /products?name=don%20satur&category=galle&stock=9&minPrice=1100 200 124 - 1199.354 ms
::1 GET /products?name=don%20satur&category=galle&stock=9&minPrice=1300 200 26 - 42.710 ms
::1 GET /products?name=don%20satur&category=galle&stock=9&minPrice=1299 200 124 - 74.666 ms
