::1 POST /auth/register 201 165 - 1317.115 ms
::ffff:127.0.0.1 POST /auth/register 201 164 - 254.456 ms
::1 POST /auth/register 201 163 - 193.785 ms
::1 POST /auth/register 409 57 - 44.674 ms
::1 POST /auth/register 201 164 - 199.408 ms
::1 POST /auth/register 201 164 - 202.133 ms
::1 POST /auth/register 201 165 - 194.769 ms
::1 POST /auth/register 409 57 - 49.918 ms
::1 POST /auth/register 201 163 - 197.346 ms
::1 POST /auth/register 201 164 - 200.658 ms
::1 POST /auth/register 201 164 - 2491.943 ms
::1 POST /auth/register 201 164 - 219.309 ms
::1 POST /auth/register 201 164 - 191.679 ms
::1 POST /auth/register 201 165 - 275.135 ms
::1 POST /auth/register 201 164 - 247.726 ms
::1 GET /products? 304 - - 1250.244 ms
::1 GET /products? 304 - - 51.253 ms
::1 POST /auth/register 201 152 - 309.562 ms
::1 POST /auth/register 201 153 - 576.541 ms
::1 GET /products? 304 - - 60.597 ms
::1 GET /products? 304 - - 56.503 ms
::1 GET /products? 200 837 - 54.886 ms
::1 GET /products? 304 - - 50.568 ms
::1 GET /products? 304 - - 108.817 ms
::1 GET /products? 304 - - 65.255 ms
::1 GET /products? 304 - - 62.717 ms
::1 GET /products? 304 - - 48.759 ms
::1 POST /auth/register 201 153 - 214.681 ms
::1 POST /auth/register 201 154 - 192.345 ms
::1 GET /products? 304 - - 61.065 ms
::1 GET /products? 304 - - 55.310 ms
::1 GET /products? 304 - - 822.443 ms
::1 GET /products? 304 - - 49.283 ms
::1 GET /products? 304 - - 171.698 ms
::1 GET /products? 304 - - 63.328 ms
::1 GET /products? 304 - - 95.344 ms
::1 GET /products? 304 - - 48.684 ms
::1 POST /auth/register 409 57 - 656.342 ms
::1 POST /auth/register 201 154 - 572.702 ms
::1 GET /auth/login 404 48 - 59.857 ms
::1 POST /auth/login 500 97 - 65.526 ms
::1 POST /auth/login 500 97 - 19.116 ms
::1 POST /auth/login 400 76 - 13.546 ms
::1 POST /auth/login 400 76 - 4.787 ms
::1 POST /auth/register 201 159 - 785.553 ms
::1 POST /auth/login 400 76 - 0.615 ms
::1 GET /auth/login 404 48 - 2.689 ms
::1 POST /auth/login 400 76 - 2.195 ms
::1 POST /auth/login 400 76 - 15.551 ms
::1 POST /auth/login 400 76 - 0.691 ms
::1 POST /auth/login 200 198 - 586.154 ms
::1 POST /auth/login 401 45 - 347.391 ms
::1 POST /auth/login 200 198 - 457.405 ms
::1 POST /auth/login 200 198 - 543.894 ms
::1 POST /auth/login 401 45 - 400.845 ms
::1 POST /auth/login 200 198 - 584.264 ms
::1 POST /auth/login 200 198 - 218.204 ms
::1 POST /auth/login 200 198 - 202.328 ms
::1 POST /auth/login 200 198 - 409.108 ms
::1 POST /auth/login 200 198 - 498.459 ms
::1 POST /auth/login 200 198 - 344.967 ms
::1 POST /auth/login 200 198 - 400.344 ms
::1 POST /auth/login 200 198 - 400.233 ms
::1 POST /auth/login 200 198 - 305.244 ms
::1 POST /auth/login 200 198 - 366.517 ms
::1 POST /auth/login 200 198 - 359.503 ms
::1 POST /auth/login 200 198 - 320.552 ms
::1 POST /auth/login 200 198 - 360.795 ms
::1 POST /auth/login 401 45 - 282.176 ms
::1 POST /auth/login 401 45 - 461.529 ms
::ffff:127.0.0.1 POST /auth/login 401 41 - 1372.283 ms
::1 POST /auth/login 401 41 - 2872.870 ms
::1 POST /auth/login 401 41 - 678.948 ms
::1 POST /auth/login 200 198 - 220.367 ms
::1 POST /auth/login 200 198 - 145.094 ms
::1 POST /auth/login 200 198 - 158.850 ms
::1 POST /auth/login 200 198 - 213.280 ms
::1 POST /auth/login 200 198 - 300.915 ms
::1 POST /auth/login 200 198 - 156.645 ms
::1 POST /auth/login 200 198 - 175.645 ms
::1 POST /auth/login 200 198 - 158.710 ms
::1 POST /auth/login 200 198 - 673.848 ms
::1 POST /auth/login 200 198 - 180.491 ms
::1 GET /products? 200 837 - 239.567 ms
::1 GET /products? 304 - - 110.079 ms
::1 GET /products? 304 - - 801.082 ms
::1 GET /products? 304 - - 392.589 ms
::1 GET /products? 304 - - 133.708 ms
::1 GET /products? 304 - - 124.413 ms
::1 GET /products? 304 - - 235.406 ms
::1 GET /products? 304 - - 313.650 ms
::1 POST /auth/login 200 198 - 674.485 ms
::1 GET /products? 304 - - 272.861 ms
::1 GET /products? 304 - - 203.822 ms
::1 POST /auth/login 200 198 - 312.805 ms
::1 GET /products? 304 - - 100.156 ms
::1 GET /products? 304 - - 193.708 ms
::1 GET /products? 304 - - 424.034 ms
::1 GET /products? 304 - - 279.829 ms
::1 POST /auth/login 200 198 - 457.201 ms
::1 GET /products? 304 - - 127.252 ms
::1 GET /products? 304 - - 50.603 ms
::1 POST /auth/login 200 198 - 6616.827 ms
::1 POST /auth/login 200 198 - 1203.941 ms
::1 POST /auth/login 200 198 - 1465.826 ms
::1 POST /auth/login 200 198 - 1606.888 ms
::1 POST /auth/login 200 198 - 1498.093 ms
::1 POST /auth/login 200 198 - 4396.204 ms
::1 POST /auth/login 200 198 - 977.389 ms
::1 POST /auth/login 200 198 - 3056.895 ms
::1 POST /auth/login 200 198 - 2894.321 ms
::1 GET /products? 304 - - 70.773 ms
::1 GET /products? 304 - - 54.110 ms
::1 POST /auth/login 200 198 - 454.592 ms
::1 GET /products? 304 - - 564.536 ms
::1 GET /products? 304 - - 1171.068 ms
::1 GET /products? 200 939 - 1403.411 ms
::1 GET /products? 304 - - 684.487 ms
::1 POST /auth/login 200 198 - 439.156 ms
::1 GET /products? 304 - - 1244.666 ms
::1 GET /products? 304 - - 1780.311 ms
::1 POST /auth/login 200 198 - 1729.559 ms
::1 POST /auth/login 200 198 - 631.481 ms
::1 GET /products? 304 - - 522.841 ms
::1 GET /products? 304 - - 15346.910 ms
::1 POST /products 400 59 - 2090.604 ms
::1 POST /products 400 59 - 1772.581 ms
::1 POST /products 201 124 - 1815.087 ms
::1 GET /products? 200 1040 - 2374.793 ms
::1 GET /products? 304 - - 245.445 ms
::1 POST /products 400 59 - 1666.478 ms
::1 POST /products 400 59 - 259.704 ms
::1 POST /products 400 59 - 103.361 ms
::1 POST /products 201 124 - 4985.326 ms
::1 POST /products 201 129 - 1381.592 ms
::1 POST /products 201 132 - 288.644 ms
::1 POST /products 400 59 - 245.177 ms
::1 POST /products 400 59 - 139.127 ms
::1 POST /auth/login 200 198 - 492.065 ms
::1 GET /products? 200 1356 - 94.317 ms
::1 GET /products? 304 - - 62.386 ms
::1 POST /products 400 59 - 91.215 ms
::1 POST /products 400 59 - 134.537 ms
::1 POST /products - - - - ms
::1 POST /products - - - - ms
::1 POST /auth/login 200 198 - 190.817 ms
::1 GET /products? 304 - - 74.689 ms
::1 GET /products? 304 - - 62.558 ms
::1 POST /products 400 59 - 40.286 ms
::1 POST /products 400 59 - 134.901 ms
::1 POST /products 400 59 - 63.729 ms
::1 POST /products 400 59 - 1011.300 ms
