::1 POST /auth/login 200 231 - 561.514 ms
::1 POST /auth/login 200 234 - 322.599 ms
::1 POST /products 500 1572 - 35.481 ms
::1 POST /products 500 1572 - 77.463 ms
::1 POST /products 500 1572 - 7.511 ms
::1 POST /products 500 1572 - 73.304 ms
::1 POST /products 500 314 - 58.627 ms
::1 POST /products 500 314 - 8.316 ms
::1 POST /products 400 58 - 36.436 ms
::1 POST /products 400 58 - 49.566 ms
::1 POST /products 400 58 - 41.773 ms
::1 POST /products 400 147 - 2772.091 ms
::1 POST /products 401 35 - 130.831 ms
::1 POST /products 401 35 - 4.223 ms
::1 POST /products 401 35 - 5.474 ms
::1 POST /products 401 35 - 3.209 ms
::1 POST /products 401 35 - 2.387 ms
::1 POST /products 401 45 - 4.995 ms
::1 POST /auth/login 200 234 - 250.314 ms
::1 POST /products 400 147 - 91.522 ms
::1 POST /products 401 45 - 7.751 ms
::1 POST /auth/login 200 234 - 185.883 ms
::1 POST /products 400 147 - 68.115 ms
::1 POST /products 201 120 - 147.994 ms
::1 POST /products 400 59 - 228.200 ms
::1 POST /products 201 121 - 129.582 ms
::1 POST /products 400 59 - 102.763 ms
::1 POST /products 400 112 - 51.499 ms
::1 POST /products 201 122 - 214.317 ms
::1 POST /products 400 59 - 52.181 ms
::1 POST /products 201 118 - 104.023 ms
::1 POST /products 400 59 - 95.436 ms
::1 POST /products 201 121 - 424.776 ms
::1 POST /products 201 193 - 465.350 ms
::1 POST /products 201 196 - 200.508 ms
::1 POST /products 201 198 - 418.555 ms
::1 GET /uploads//1785696398815-6dd300fa-e7dd-4932-b3a5-08c78469fe36.webp 200 39790 - 36.203 ms
::1 GET /favicon.ico 404 48 - 6.636 ms
::1 GET /products 200 2153 - 100.915 ms
::1 GET /products? 200 2153 - 331.002 ms
::1 GET /products? 304 - - 345.385 ms
::1 GET /products? 200 2153 - 77.862 ms
::1 GET /products? 304 - - 884.743 ms
::1 GET /products?name=papa 200 120 - 79.765 ms
::1 GET /products?name=pepa 200 131 - 236.669 ms
::1 GET /products?name=coffle 200 123 - 131.650 ms
::1 GET /products? 304 - - 154.259 ms
