::1 POST /products 209 59 - 2353.988 ms
::1 POST /products 209 59 - 44.008 ms
::ffff:127.0.0.1 POST /products 209 59 - 203.069 ms
::1 POST /products 400 59 - 84.984 ms
::1 POST /produclts 404 48 - 11.452 ms
::1 POST /produclts 404 48 - 13.299 ms
::1 POST /produclts 404 48 - 13.296 ms
::1 GET /products? 304 - - 362.612 ms
::1 GET /products? 304 - - 44.677 ms
::1 POST /products 201 130 - 553.597 ms
::1 GET /products? 200 1463 - 54.655 ms
::1 GET /products? 304 - - 50.536 ms
::1 POST /products 201 122 - 108.457 ms
::1 POST /products 400 59 - 43.752 ms
::1 POST /products 400 59 - 70.551 ms
::1 POST /products 400 59 - 436.331 ms
::1 POST /products 201 124 - 490.639 ms
::1 POST /products 400 59 - 520.199 ms
::1 POST /products 400 59 - 929.886 ms
::1 POST /products 201 133 - 197.966 ms
::1 GET /products? 200 1773 - 114.121 ms
::1 GET /products? 304 - - 62.329 ms
::1 POST /products 201 125 - 94.223 ms
::1 POST /products 201 120 - 114.837 ms
::1 POST /products 201 122 - 113.734 ms
::1 GET /products? 200 2071 - 359.345 ms
::1 GET /products? 304 - - 54.250 ms
::1 GET /products? 200 1773 - 1499.917 ms
::1 GET /products? 304 - - 89.285 ms
::1 GET /products? 304 - - 47.388 ms
::1 GET /products? 304 - - 50.863 ms
::1 POST /auth/login 200 198 - 216.215 ms
::1 GET /products? 304 - - 64.459 ms
::1 GET /products? 304 - - 54.861 ms
::1 GET /products? 304 - - 48.334 ms
::1 GET /products? 304 - - 56.841 ms
::1 GET /products? 304 - - 128.544 ms
::1 GET /products? 304 - - 88.244 ms
::1 GET /products? 304 - - 63.074 ms
::1 GET /products? 304 - - 58.587 ms
::1 GET /products? 304 - - 57.121 ms
::1 GET /products? 304 - - 61.546 ms
::1 GET /products? 304 - - 53.642 ms
::1 GET /products? 304 - - 334.740 ms
::1 GET /products? 304 - - 51.423 ms
::1 GET /products? 304 - - 50.652 ms
::1 GET /products? 304 - - 43.933 ms
::1 GET /products? 304 - - 648.731 ms
::1 GET /products? 304 - - 47.713 ms
::1 GET /products? 304 - - 52.979 ms
::1 POST /auth/login 200 198 - 196.186 ms
::1 GET /products? 304 - - 49.880 ms
::1 GET /products? 304 - - 55.233 ms
::1 GET /products? 304 - - 56.085 ms
::1 GET /products? 304 - - 50.013 ms
