::1 GET /products? 304 - - 151.850 ms
::1 GET /products? 304 - - 109.309 ms
::1 DELETE /products/6a5c0eae365947c9596fe962 200 120 - 829.917 ms
::1 GET /products? 200 1771 - 112.542 ms
::1 GET /products? 304 - - 64.676 ms
::1 DELETE /products/6a59615bd041fe46e9405f1c 401 58 - 2.857 ms
::1 GET /products? 304 - - 92.224 ms
::1 DELETE /products/6a595145d041fe46e9405f17 200 126 - 599.009 ms
::1 DELETE /products/6a59615bd041fe46e9405f1c 401 58 - 0.869 ms
::1 DELETE /products/6a594be3d041fe46e9405f11 401 58 - 0.575 ms
::1 DELETE /products/6a594be3d041fe46e9405f11 200 122 - 66.788 ms
::1 DELETE /products/6a59615bd041fe46e9405f1c 200 129 - 51.235 ms
::1 GET /products? 200 1463 - 177.157 ms
::1 GET /products? 304 - - 104.682 ms
::1 GET /products 200 1463 - 489.498 ms
::1 GET /products? 304 - - 1314.352 ms
::1 GET /products? 304 - - 229.636 ms
::1 POST /auth/login 200 234 - 658.218 ms
::1 GET /products? 304 - - 432.220 ms
::1 GET /products? 304 - - 194.015 ms
::1 GET /products? 304 - - 65.818 ms
::1 GET /products? 304 - - 53.136 ms
::1 GET /products? 304 - - 322.991 ms
::1 GET /products? 304 - - 311.932 ms
::1 GET /products? 304 - - 737.849 ms
::1 GET /products? 304 - - 83.996 ms
::1 GET /products? 304 - - 738.290 ms
::1 GET /products? 304 - - 217.215 ms
::1 GET /products? 304 - - 72.517 ms
::1 GET /products? 304 - - 54.667 ms
::1 GET /products? 304 - - 210.499 ms
::1 GET /products? 304 - - 265.707 ms
::1 GET /products? 304 - - 239.095 ms
::1 GET /products? 304 - - 114.156 ms
::1 GET /products? 304 - - 51.952 ms
::1 GET /products? 304 - - 55.005 ms
::1 GET /products? 304 - - 100.057 ms
::1 GET /products? 304 - - 52.220 ms
::1 GET /products? 304 - - 48.274 ms
::1 GET /products? 304 - - 42.684 ms
::1 GET /products? 304 - - 57.384 ms
::1 GET /products? 304 - - 51.968 ms
::1 GET /products? 304 - - 56.393 ms
::1 GET /products? 304 - - 51.944 ms
::1 GET /products? 304 - - 1227.859 ms
::1 GET /products? 304 - - 59.696 ms
::1 GET /products? 200 1463 - 4122.166 ms
::1 GET /products? 304 - - 263.936 ms
::1 GET /products? 304 - - 303.783 ms
::1 GET /products? 304 - - 359.501 ms
::1 GET /products? 304 - - 439.148 ms
::1 GET /products? 304 - - 1824.916 ms
::1 GET /products? 304 - - 505.582 ms
::1 GET /products? 304 - - 397.383 ms
