::1 GET /products? 200 1463 - 174.974 ms
::1 GET /products? 304 - - 71.101 ms
::1 GET /products? 304 - - 50.044 ms
::1 GET /products? 304 - - 67.967 ms
::1 GET /products? 304 - - 637.949 ms
::1 GET /products? 304 - - 46.011 ms
::1 GET /products? 304 - - 51.889 ms
::1 GET /products? 304 - - 43.255 ms
::1 GET /products? - - - - ms
::1 GET /products? 200 1463 - 14305.120 ms
::1 GET /products? - - - - ms
::1 GET /products? 200 1463 - 48.963 ms
::1 GET /products? 304 - - 82.619 ms
::1 GET /products? 200 1463 - 781.457 ms
::1 GET /products? 304 - - 185.538 ms
::1 GET /products? 304 - - 263.616 ms
::1 GET /products 200 1463 - 283.721 ms
::1 GET /favicon.ico 404 48 - 11.690 ms
::1 GET /products 304 - - 71.315 ms
::1 GET /products? 304 - - 982.207 ms
::1 GET /products? 304 - - 712.971 ms
::1 GET /products? 304 - - 360.949 ms
::1 GET /products? 304 - - 200.320 ms
::1 GET /products? 304 - - 214.882 ms
::1 GET /products? 304 - - 260.496 ms
::1 GET /products? 304 - - 428.418 ms
::1 GET /products? 304 - - 240.750 ms
::1 GET /products? 304 - - 826.643 ms
::1 GET /products? 304 - - 273.243 ms
::1 GET /products? 304 - - 235.922 ms
::1 GET /products? 304 - - 383.854 ms
