::1 GET /products? 200 837 - 78.052 ms
::1 GET /products? 304 - - 49.953 ms
::1 GET /products? 304 - - 122.144 ms
::1 GET /products? 304 - - 55.024 ms
::1 POST /auth/register 400 37 - 59.289 ms
::1 GET /auth/register 404 48 - 4.619 ms
::1 GET /favicon.ico 404 48 - 1.636 ms
::1 GET /auth/register 404 48 - 3.993 ms
::1 POST /auth/register 201 160 - 699.338 ms
::1 POST /auth/register 409 57 - 96.541 ms
::1 POST /auth/register 409 57 - 86.321 ms
::1 POST /auth/register 409 57 - 45.331 ms
::1 POST /auth/register 409 57 - 43.984 ms
::1 POST /auth/register 409 57 - 330.291 ms
::1 POST /auth/register 429 79 - 16.135 ms
::1 POST /auth/register 429 79 - 0.383 ms
::1 POST /auth/register 429 79 - 0.383 ms
::1 POST /auth/register 429 79 - 1.495 ms
::1 POST /auth/register 429 79 - 0.419 ms
::1 POST /auth/register 429 79 - 0.452 ms
::1 POST /auth/register 429 79 - 0.604 ms
::1 POST /auth/register 201 161 - 329.322 ms
::1 POST /auth/register 201 161 - 216.637 ms
::1 POST /auth/register 409 57 - 59.300 ms
::1 POST /auth/register 201 162 - 213.156 ms
::1 POST /auth/register 201 163 - 196.367 ms
::1 POST /auth/register 429 79 - 1.010 ms
