::1 GET /products? 304 - - 291.201 ms
::1 GET /products? 304 - - 241.451 ms
::1 PATCH /products/6a59615bd041fe46e9405f1c 200 129 - 77.376 ms
::1 GET /products? 200 1769 - 145.813 ms
::1 GET /products 200 1769 - 55.548 ms
::1 GET /favicon.ico 404 48 - 2.792 ms
::1 PATCH /products/6a595145d041fe46e9405f17 401 58 - 3.344 ms
::1 GET /products? 401 58 - 1.347 ms
::1 GET /products? 401 58 - 1.111 ms
::1 GET /products? 401 58 - 0.465 ms
::1 GET /products? 401 58 - 3.281 ms
::1 GET /products? 401 58 - 4.424 ms
::1 GET /products? 304 - - 333.349 ms
::1 GET /products? 304 - - 1243.873 ms
::1 PATCH /products/6a595145d041fe46e9405f17 401 58 - 1.043 ms
::1 GET /products? 304 - - 44.144 ms
::1 PATCH /products/6a595145d041fe46e9405f17 401 58 - 0.275 ms
::1 GET /products? 304 - - 1035.883 ms
::1 PATCH /products/6a595145d041fe46e9405f17 401 58 - 0.200 ms
::1 GET /products? 304 - - 3283.903 ms
::1 PATCH /products/6a595145d041fe46e9405f17 401 39 - 15.036 ms
::1 GET /products? 304 - - 133.489 ms
::1 PATCH /products/6a595145d041fe46e9405f17 401 39 - 0.753 ms
::1 GET /products? 304 - - 404.347 ms
::1 GET /products? 304 - - 135.250 ms
::1 GET /products? 304 - - 128.203 ms
::1 PATCH /products/6a595145d041fe46e9405f17 401 39 - 1.376 ms
::1 GET /products? 304 - - 2909.733 ms
::1 PATCH /products/6a595145d041fe46e9405f17 401 39 - 1.142 ms
::1 GET /products? 304 - - 52.566 ms
::1 GET /products? 304 - - 1599.278 ms
::1 GET /products? 304 - - 334.067 ms
::1 GET /products? 304 - - 3677.719 ms
::1 GET /products? 304 - - 2992.608 ms
::1 GET /products? 304 - - 656.154 ms
::1 GET /products? 304 - - 260.254 ms
::1 GET /products? 304 - - 1323.268 ms
::1 GET /products? 304 - - 43.284 ms
::1 GET /products? 304 - - 2191.724 ms
::1 GET /products? 304 - - 753.319 ms
::1 PATCH /products/6a595145d041fe46e9405f17 401 39 - 35.287 ms
::1 GET /products? 304 - - 95.964 ms
::1 GET /products? 304 - - 51.935 ms
::1 GET /products? 304 - - 41.657 ms
::1 PATCH /products/6a595145d041fe46e9405f17 401 39 - 0.646 ms
::1 GET /products? 304 - - 49.168 ms
::1 GET /products? 304 - - 158.841 ms
::1 GET /products? 304 - - 103.201 ms
::1 PATCH /products/6a595145d041fe46e9405f17 200 126 - 344.421 ms
::1 GET /products? 200 1771 - 73.837 ms
::1 PATCH /products/6a595145d041fe46e9405f17 200 127 - 2495.652 ms
::1 GET /products? 200 1772 - 177.851 ms
::1 POST /products 401 39 - 6.502 ms
::1 POST /auth/login 200 234 - 194.006 ms
::1 GET /products? 304 - - 134.177 ms
::1 GET /products? 304 - - 145.802 ms
::1 POST /products 201 120 - 809.173 ms
::1 GET /products? 200 1869 - 1658.190 ms
::1 GET /products? 304 - - 977.254 ms
::1 PATCH /products/6a595145d041fe46e9405f17 200 124 - 860.864 ms
::1 GET /products? 200 1866 - 376.708 ms
::1 PATCH /products/6a595145d041fe46e9405f17 200 126 - 790.875 ms
::1 GET /products? 200 1868 - 831.442 ms
::1 DELETE /products/6a5c0eae365947c9596fe962 401 58 - 19.650 ms
